// Vitest Snapshot v1, https://vitest.dev/guide/snapshot.html

exports[`should execute correctly with jsonElement 1`] = `
[
  {
    "?column?": {
      "key": "value",
    },
  },
]
`;

exports[`should execute correctly with jsonElementAsText 1`] = `
[
  {
    "?column?": {
      "key": "value",
    },
  },
]
`;

exports[`should execute correctly with jsonElementFromPathArray 1`] = `
[
  {
    "?column?": "value",
  },
]
`;

exports[`should execute correctly with jsonElementFromPathArrayAsText 1`] = `
[
  {
    "?column?": "value",
  },
]
`;
